Hello from build script!